[sites.google.com/view/c0ntr0l/home.html]
[sites.google.com/view/c0ntr0l/POST.1.delayed]
[backblue.gif]
[fade.gif]
[index.html]
[apis.google.com/js/clientc932.js]
[sites.google.com/view/c0ntr0l/pages/os-3mulators/m1nd0ws.html]
[sites.google.com/view/c0ntr0l/pages/os-3mulators/anura-os.html]
[sites.google.com/view/c0ntr0l/pages/os-3mulators/w1nd0ws-10.html]
[sites.google.com/view/c0ntr0l/pages/os-3mulators/w1nd0ws-11.html]
[sites.google.com/view/c0ntr0l/pages/os-3mulators/fl0w-os.html]
[sites.google.com/view/c0ntr0l/pages/os-3mulators/macos.html]
[sites.google.com/view/c0ntr0l/pages/mov13s/m0v1e-web.html]
[sites.google.com/view/c0ntr0l/pages/pr0x13s.html]
[sites.google.com/view/c0ntr0l/pages/pr0x13s/aby.html]
[sites.google.com/view/c0ntr0l/pages/pr0x13s/adr1ft.html]
[sites.google.com/view/c0ntr0l/pages/pr0x13s/art-cl4ss.html]
[sites.google.com/view/c0ntr0l/pages/pr0x13s/br3ak1um.html]
[sites.google.com/view/c0ntr0l/pages/pr0x13s/bchs.html]
[sites.google.com/view/c0ntr0l/pages/pr0x13s/buyp4ss.html]
[sites.google.com/view/c0ntr0l/pages/pr0x13s/d0g3-undl0ck3r.html]
[sites.google.com/view/c0ntr0l/pages/pr0x13s/dm-undl0ck3r.html]
[sites.google.com/view/c0ntr0l/pages/pr0x13s/em3r4ld.html]
[sites.google.com/view/c0ntr0l/pages/pr0x13s/equ1n0x3.html]
[sites.google.com/view/c0ntr0l/pages/pr0x13s/1nt3rst3llar.html]
[sites.google.com/view/c0ntr0l/pages/pr0x13s/inc0gn1to.html]
[sites.google.com/view/c0ntr0l/pages/pr0x13s/m00nl1ght.html]
[sites.google.com/view/c0ntr0l/pages/pr0x13s/m3tall1c.html]
[sites.google.com/view/c0ntr0l/pages/pr0x13s/m0cha.html]
[sites.google.com/view/c0ntr0l/pages/pr0x13s/n1ght.html]
[sites.google.com/view/c0ntr0l/pages/pr0x13s/n3bula.html]
[sites.google.com/view/c0ntr0l/pages/pr0x13s/p0lar1s.html]
[sites.google.com/view/c0ntr0l/pages/pr0x13s/r4mmerh3ad.html]
[sites.google.com/view/c0ntr0l/pages/pr0x13s/shuttl3.html]
[sites.google.com/view/c0ntr0l/pages/pr0x13s/sh4d0w.html]
[sites.google.com/view/c0ntr0l/pages/pr0x13s/s0d1um.html]
[sites.google.com/view/c0ntr0l/pages/pr0x13s/st4t1c.html]
[sites.google.com/view/c0ntr0l/pages/pr0x13s/sup3rn0va.html]
[sites.google.com/view/c0ntr0l/pages/pr0x13s/t1nf0il.html]
[sites.google.com/view/c0ntr0l/pages/pr0x13s/th3-b3an.html]
[sites.google.com/view/c0ntr0l/pages/pr0x13s/t-cr4ck.html]
[sites.google.com/view/c0ntr0l/pages/pr0x13s/typ31st.html]
[sites.google.com/view/c0ntr0l/pages/pr0x13s/tsumfg.html]
[sites.google.com/view/c0ntr0l/pages/pr0x13s/ut0p1a.html]
[sites.google.com/view/c0ntr0l/pages/pr0x13s/ultrav1ol3t.html]
[sites.google.com/view/c0ntr0l/pages/apps/d1sc0rd.html]
[sites.google.com/view/c0ntr0l/pages/apps/g1thub.html]
[sites.google.com/view/c0ntr0l/pages/apps/r3dd1t.html]
[sites.google.com/view/c0ntr0l/pages/apps/sp0t1fy.html]
[sites.google.com/view/c0ntr0l/pages/apps/y0utube.html]
[sites.google.com/view/c0ntr0l/pages/scripts/undlocking/aboutblank-opener.html]
[sites.google.com/view/c0ntr0l/pages/scripts/undlocking/extension-remover.html]
[sites.google.com/view/c0ntr0l/pages/scripts/undlocking/extension-modifier.html]
[sites.google.com/view/c0ntr0l/pages/scripts/undlocking/extension-remover-2.html]
[sites.google.com/view/c0ntr0l/pages/scripts/undlocking/embedded-undlocker.html]
[sites.google.com/view/c0ntr0l/pages/scripts/undlocking/ingot.html]
[sites.google.com/view/c0ntr0l/pages/scripts/undlocking/youtube-bypass.html]
[sites.google.com/view/c0ntr0l/pages/scripts/undlocking/node.html]
[sites.google.com/view/c0ntr0l/pages/scripts/undlocking/securly-remover.html]
[sites.google.com/view/c0ntr0l/pages/scripts/undlocking/developer-mode.html]
[sites.google.com/view/c0ntr0l/pages/scripts/undlocking/car-axle-client.html]
[sites.google.com/view/c0ntr0l/pages/scripts/undlocking/byesecurly.html]
[sites.google.com/view/c0ntr0l/pages/scripts/fun/fake-error.html]
[sites.google.com/view/c0ntr0l/pages/scripts/fun/gravity.html]
[sites.google.com/view/c0ntr0l/pages/scripts/fun/fake-chrome-update-screen.html]
[sites.google.com/view/c0ntr0l/pages/scripts/fun/corrupt-v2.html]
[sites.google.com/view/c0ntr0l/pages/scripts/fun/infinite-tab-opener.html]
[sites.google.com/view/c0ntr0l/pages/scripts/fun/pop-up-snake-gxme.html]
[sites.google.com/view/c0ntr0l/pages/scripts/fun/snake-mod.html]
[sites.google.com/view/c0ntr0l/pages/scripts/fun/link-changer.html]
[sites.google.com/view/c0ntr0l/pages/scripts/fun/metal-pipe.html]
[sites.google.com/view/c0ntr0l/pages/scripts/fun/high-pitch-sound-hider.html]
[sites.google.com/view/c0ntr0l/pages/scripts/fun/corrupt-v2_1.html]
[sites.google.com/view/c0ntr0l/pages/scripts/fun/corrupted-text.html]
[sites.google.com/view/c0ntr0l/pages/scripts/fun/piano.html]
[sites.google.com/view/c0ntr0l/pages/scripts/fun/katamari-gxme.html]
[sites.google.com/view/c0ntr0l/pages/scripts/fun/asteroids-gxme.html]
[sites.google.com/view/c0ntr0l/pages/scripts/misc/inspect-element.html]
[sites.google.com/view/c0ntr0l/pages/scripts/misc/tab-disguiser.html]
[sites.google.com/view/c0ntr0l/pages/scripts/misc/cookie-remover.html]
[sites.google.com/view/c0ntr0l/pages/scripts/misc/url-compressor.html]
[sites.google.com/view/c0ntr0l/pages/scripts/misc/invert-webpage-colors.html]
[sites.google.com/view/c0ntr0l/pages/scripts/misc/history-flooder.html]
[sites.google.com/view/c0ntr0l/pages/scripts/misc/chromebook-crasher.html]
[sites.google.com/view/c0ntr0l/pages/scripts/misc/auto-clicker.html]
[sites.google.com/view/c0ntr0l/pages/scripts/misc/3d-webpage.html]
[sites.google.com/view/c0ntr0l/pages/scripts/misc/adblocker.html]
[sites.google.com/view/c0ntr0l/pages/scripts/misc/dark-mode.html]
[sites.google.com/view/c0ntr0l/pages/scripts/cheating/quizlet-hacks.html]
[sites.google.com/view/c0ntr0l/pages/scripts/cheating/prodigy-hacks.html]
[sites.google.com/view/c0ntr0l/pages/scripts/cheating/edpuzzle-video-skipper.html]
[sites.google.com/view/c0ntr0l/pages/ai/chatgpt.html]
[sites.google.com/view/c0ntr0l/pages/ai/zerogpt.html]
[sites.google.com/view/c0ntr0l/pages/3xplo1ts/3xpl01ts.html]
[sites.google.com/view/c0ntr0l/pages/3xplo1ts/ltm3at.html]
[sites.google.com/view/c0ntr0l/pages/3xplo1ts/ltv3gan.html]
[sites.google.com/view/c0ntr0l/pages/3xplo1ts/g00dbye-guardian.html]
[sites.google.com/view/c0ntr0l/pages/3xplo1ts/ins3curly.html]
[sites.google.com/view/c0ntr0l/pages/3xplo1ts/d1sable-s3curly.html]
[sites.google.com/view/c0ntr0l/pages/3xplo1ts/triutama.html]
[sites.google.com/view/c0ntr0l/pages/3xplo1ts/sk10v0x.html]
[sites.google.com/view/c0ntr0l/pages/3xplo1ts/sh0v3l.html]
[sites.google.com/view/c0ntr0l/pages/g4m3s/actionadventure-gxmes.html]
[sites.google.com/view/c0ntr0l/pages/g4m3s/actionadventure-gxmes/ascii-space.html]
[sites.google.com/view/c0ntr0l/pages/g4m3s/actionadventure-gxmes/bounce-back.html]
[sites.google.com/view/c0ntr0l/pages/g4m3s/actionadventure-gxmes/achievment-unlocked.html]
[sites.google.com/view/c0ntr0l/pages/g4m3s/actionadventure-gxmes/creative-kill-chamber.html]
[sites.google.com/view/c0ntr0l/pages/g4m3s/actionadventure-gxmes/champion-island.html]
[sites.google.com/view/c0ntr0l/pages/g4m3s/actionadventure-gxmes/duck-life.html]
[sites.google.com/view/c0ntr0l/pages/g4m3s/actionadventure-gxmes/duck-life-2.html]
[sites.google.com/view/c0ntr0l/pages/g4m3s/actionadventure-gxmes/duck-life-3.html]
[sites.google.com/view/c0ntr0l/pages/g4m3s/actionadventure-gxmes/duck-life-4.html]
[sites.google.com/view/c0ntr0l/pages/g4m3s/actionadventure-gxmes/n-gon.html]
[sites.google.com/view/c0ntr0l/pages/g4m3s/actionadventure-gxmes/this-is-the-only-level.html]
[sites.google.com/view/c0ntr0l/pages/g4m3s/actionadventure-gxmes/the-chrome-incident.html]
[sites.google.com/view/c0ntr0l/pages/g4m3s/actionadventure-gxmes/the-worlds-hardest-game.html]
[sites.google.com/view/c0ntr0l/pages/g4m3s/actionadventure-gxmes/the-worlds-hardest-game-2.html]
[sites.google.com/view/c0ntr0l/pages/g4m3s/actionadventure-gxmes/the-worlds-hardest-game-3.html]
[sites.google.com/view/c0ntr0l/pages/g4m3s/actionadventure-gxmes/henry-stickman-collection.html]
[sites.google.com/view/c0ntr0l/pages/g4m3s/actionadventure-gxmes/henry-stickman-collection/1-breaking-the-bank.html]
[sites.google.com/view/c0ntr0l/pages/g4m3s/actionadventure-gxmes/henry-stickman-collection/2-escaping-the-prison.html]
[sites.google.com/view/c0ntr0l/pages/g4m3s/actionadventure-gxmes/henry-stickman-collection/3-stealing-the-diamond.html]
[sites.google.com/view/c0ntr0l/pages/g4m3s/actionadventure-gxmes/henry-stickman-collection/4-infiltrating-the-airship.html]
[sites.google.com/view/c0ntr0l/pages/g4m3s/actionadventure-gxmes/henry-stickman-collection/5-fleeing-the-complex.html]
[sites.google.com/view/c0ntr0l/pages/g4m3s/actionadventure-gxmes/this-is-the-only-level-2.html]
[sites.google.com/view/c0ntr0l/pages/g4m3s/platformer-gxmes.html]
[sites.google.com/view/c0ntr0l/pages/g4m3s/platformer-gxmes/crossy-road.html]
[sites.google.com/view/c0ntr0l/pages/g4m3s/platformer-gxmes/ns-shaft.html]
[sites.google.com/view/c0ntr0l/pages/g4m3s/platformer-gxmes/ovo.html]
[sites.google.com/view/c0ntr0l/pages/g4m3s/platformer-gxmes/subway-surfers.html]
[sites.google.com/view/c0ntr0l/pages/g4m3s/platformer-gxmes/stickman-hook.html]
[sites.google.com/view/c0ntr0l/pages/g4m3s/platformer-gxmes/run-3.html]
[sites.google.com/view/c0ntr0l/pages/g4m3s/platformer-gxmes/cluster-rush.html]
[sites.google.com/view/c0ntr0l/pages/g4m3s/platformer-gxmes/geometry-dash.html]
[sites.google.com/view/c0ntr0l/pages/g4m3s/platformer-gxmes/vex-3.html]
[sites.google.com/view/c0ntr0l/pages/g4m3s/platformer-gxmes/vex-4.html]
[sites.google.com/view/c0ntr0l/pages/g4m3s/platformer-gxmes/vex-5.html]
[sites.google.com/view/c0ntr0l/pages/g4m3s/platformer-gxmes/vex-6.html]
[sites.google.com/view/c0ntr0l/pages/g4m3s/platformer-gxmes/vex-7.html]
[sites.google.com/view/c0ntr0l/pages/g4m3s/platformer-gxmes/doodle-jump.html]
[sites.google.com/view/c0ntr0l/pages/g4m3s/platformer-gxmes/stickman-boost.html]
[sites.google.com/view/c0ntr0l/pages/g4m3s/platformer-gxmes/stickman-boost-2.html]
[sites.google.com/view/c0ntr0l/pages/g4m3s/platformer-gxmes/dadish.html]
[sites.google.com/view/c0ntr0l/pages/g4m3s/platformer-gxmes/dadish-2.html]
[sites.google.com/view/c0ntr0l/pages/g4m3s/platformer-gxmes/stickman-hook_1.html]
[sites.google.com/view/c0ntr0l/pages/g4m3s/platformer-gxmes/slope-3.html]
[sites.google.com/view/c0ntr0l/pages/g4m3s/platformer-gxmes/geometry-dash-lite.html]
[sites.google.com/view/c0ntr0l/pages/g4m3s/platformer-gxmes/poly-branch.html]
[sites.google.com/view/c0ntr0l/pages/g4m3s/platformer-gxmes/papery-planes.html]
[sites.google.com/view/c0ntr0l/pages/g4m3s/platformer-gxmes/rolling-forests.html]
[sites.google.com/view/c0ntr0l/pages/g4m3s/platformer-gxmes/rolling-sky.html]
[sites.google.com/view/c0ntr0l/pages/g4m3s/platformer-gxmes/temple-run-2.html]
[sites.google.com/view/c0ntr0l/pages/g4m3s/platformer-gxmes/tunnel-rush.html]
[sites.google.com/view/c0ntr0l/pages/g4m3s/platformer-gxmes/slope.html]
[sites.google.com/view/c0ntr0l/pages/g4m3s/platformer-gxmes/slope-2.html]
[sites.google.com/view/c0ntr0l/pages/g4m3s/puzzle-games.html]
[sites.google.com/view/c0ntr0l/pages/g4m3s/puzzle-games/game-inside-a-game.html]
[sites.google.com/view/c0ntr0l/pages/g4m3s/puzzle-games/gray-box-testing.html]
[sites.google.com/view/c0ntr0l/pages/g4m3s/puzzle-games/black-hole-square.html]
[sites.google.com/view/c0ntr0l/pages/g4m3s/puzzle-games/core-ball.html]
[sites.google.com/view/c0ntr0l/pages/g4m3s/puzzle-games/hextris.html]
[sites.google.com/view/c0ntr0l/pages/g4m3s/puzzle-games/cell-machine.html]
[sites.google.com/view/c0ntr0l/pages/g4m3s/puzzle-games/edge-not-found.html]
[sites.google.com/view/c0ntr0l/pages/g4m3s/puzzle-games/portal.html]
[sites.google.com/view/c0ntr0l/pages/g4m3s/puzzle-games/bloxorz.html]
[sites.google.com/view/c0ntr0l/pages/g4m3s/puzzle-games/riddle-school.html]
[sites.google.com/view/c0ntr0l/pages/g4m3s/puzzle-games/riddle-school-2.html]
[sites.google.com/view/c0ntr0l/pages/g4m3s/puzzle-games/riddle-school-3.html]
[sites.google.com/view/c0ntr0l/pages/g4m3s/puzzle-games/riddle-school-4.html]
[sites.google.com/view/c0ntr0l/pages/g4m3s/puzzle-games/riddle-school-5.html]
[sites.google.com/view/c0ntr0l/pages/g4m3s/puzzle-games/2048.html]
[sites.google.com/view/c0ntr0l/pages/g4m3s/puzzle-games/breaklock.html]
[sites.google.com/view/c0ntr0l/pages/g4m3s/puzzle-games/tetris.html]
[sites.google.com/view/c0ntr0l/pages/g4m3s/puzzle-games/portal-2.html]
[sites.google.com/view/c0ntr0l/pages/g4m3s/puzzle-games/flappy-2048.html]
[sites.google.com/view/c0ntr0l/pages/g4m3s/puzzle-games/tiny-islands.html]
[sites.google.com/view/c0ntr0l/pages/g4m3s/misc-gxmes.html]
[sites.google.com/view/c0ntr0l/pages/g4m3s/misc-gxmes/star-wars-3d.html]
[sites.google.com/view/c0ntr0l/pages/g4m3s/misc-gxmes/interactive-buddy.html]
[sites.google.com/view/c0ntr0l/pages/g4m3s/misc-gxmes/jetpack-joyride.html]
[sites.google.com/view/c0ntr0l/pages/g4m3s/misc-gxmes/just-one-boss.html]
[sites.google.com/view/c0ntr0l/pages/g4m3s/misc-gxmes/google-fued.html]
[sites.google.com/view/c0ntr0l/pages/g4m3s/misc-gxmes/mindustry.html]
[sites.google.com/view/c0ntr0l/pages/g4m3s/misc-gxmes/the-final-earth.html]
[sites.google.com/view/c0ntr0l/pages/g4m3s/misc-gxmes/papas-burgeria.html]
[sites.google.com/view/c0ntr0l/pages/g4m3s/misc-gxmes/my-rusty-submarine.html]
[sites.google.com/view/c0ntr0l/pages/g4m3s/misc-gxmes/papas-pizzeria.html]
[sites.google.com/view/c0ntr0l/pages/g4m3s/misc-gxmes/cell-machine.html]
[sites.google.com/view/c0ntr0l/pages/g4m3s/misc-gxmes/cubefield.html]
[sites.google.com/view/c0ntr0l/pages/g4m3s/misc-gxmes/the-final-earth-2.html]
[sites.google.com/view/c0ntr0l/pages/g4m3s/misc-gxmes/infinite-craft.html]
[sites.google.com/view/c0ntr0l/pages/g4m3s/misc-gxmes/the-password-gxme.html]
[sites.google.com/view/c0ntr0l/pages/g4m3s/misc-gxmes/design-the-next-iphone.html]
[sites.google.com/view/c0ntr0l/pages/g4m3s/misc-gxmes/spend-bill-gates-money.html]
[sites.google.com/view/c0ntr0l/pages/g4m3s/misc-gxmes/wonders-of-street-view.html]
[sites.google.com/view/c0ntr0l/pages/g4m3s/misc-gxmes/ambient-chaos.html]
[sites.google.com/view/c0ntr0l/pages/g4m3s/misc-gxmes/simpsons-wrestling.html]
[sites.google.com/view/c0ntr0l/pages/g4m3s/misc-gxmes/ages-of-conflict.html]
[sites.google.com/view/c0ntr0l/pages/g4m3s/misc-gxmes/tiny-islands.html]
[sites.google.com/view/c0ntr0l/pages/g4m3s/misc-gxmes/2020-gxme.html]
[sites.google.com/view/c0ntr0l/pages/g4m3s/misc-gxmes/stack-bump-3d.html]
[sites.google.com/view/c0ntr0l/pages/g4m3s/misc-gxmes/ascii-camera.html]
[sites.google.com/view/c0ntr0l/pages/g4m3s/misc-gxmes/stickman-archer-adventure.html]
[sites.google.com/view/c0ntr0l/pages/g4m3s/misc-gxmes/generic-fishing-gxme.html]
[sites.google.com/view/c0ntr0l/pages/g4m3s/misc-gxmes/tabs.html]
[sites.google.com/view/c0ntr0l/pages/g4m3s/bullet-hell-gxmes.html]
[sites.google.com/view/c0ntr0l/pages/g4m3s/bullet-hell-gxmes/10-bullets.html]
[sites.google.com/view/c0ntr0l/pages/g4m3s/bullet-hell-gxmes/10-more-bullets.html]
[sites.google.com/view/c0ntr0l/pages/g4m3s/bullet-hell-gxmes/10-minutes-till-dawn.html]
[sites.google.com/view/c0ntr0l/pages/g4m3s/bullet-hell-gxmes/supercold.html]
[sites.google.com/view/c0ntr0l/pages/g4m3s/bullet-hell-gxmes/evil-glitch.html]
[sites.google.com/view/c0ntr0l/pages/g4m3s/bullet-hell-gxmes/veloce.html]
[sites.google.com/view/c0ntr0l/pages/g4m3s/bullet-hell-gxmes/radius-raid.html]
[sites.google.com/view/c0ntr0l/pages/g4m3s/shooter-gxmes.html]
[sites.google.com/view/c0ntr0l/pages/g4m3s/shooter-gxmes/station-141.html]
[sites.google.com/view/c0ntr0l/pages/g4m3s/shooter-gxmes/awesome-tanks-2.html]
[sites.google.com/view/c0ntr0l/pages/g4m3s/shooter-gxmes/superhot.html]
[sites.google.com/view/c0ntr0l/pages/g4m3s/shooter-gxmes/rooftop-snipers.html]
[sites.google.com/view/c0ntr0l/pages/g4m3s/shooter-gxmes/sniper-assasian.html]
[sites.google.com/view/c0ntr0l/pages/g4m3s/shooter-gxmes/tactical-assassin.html]
[sites.google.com/view/c0ntr0l/pages/g4m3s/shooter-gxmes/rooftop-snipers-2.html]
[sites.google.com/view/c0ntr0l/pages/g4m3s/shooter-gxmes/gun-mayhem.html]
[sites.google.com/view/c0ntr0l/pages/g4m3s/shooter-gxmes/gun-mayhem-2.html]
[sites.google.com/view/c0ntr0l/pages/g4m3s/shooter-gxmes/gun-mayhem-redux.html]
[sites.google.com/view/c0ntr0l/pages/g4m3s/shooter-gxmes/funny-shooter.html]
[sites.google.com/view/c0ntr0l/pages/g4m3s/shooter-gxmes/funny-shooter-2.html]
[sites.google.com/view/c0ntr0l/pages/g4m3s/shooter-gxmes/time-shooter-2.html]
[sites.google.com/view/c0ntr0l/pages/g4m3s/idle-gxmes.html]
[sites.google.com/view/c0ntr0l/pages/g4m3s/idle-gxmes/cookie-clicker.html]
[sites.google.com/view/c0ntr0l/pages/g4m3s/idle-gxmes/particle-clicker.html]
[sites.google.com/view/c0ntr0l/pages/g4m3s/idle-gxmes/grindcraft.html]
[sites.google.com/view/c0ntr0l/pages/g4m3s/idle-gxmes/space-company.html]
[sites.google.com/view/c0ntr0l/pages/g4m3s/simulator-gxmes.html]
[sites.google.com/view/c0ntr0l/pages/g4m3s/simulator-gxmes/asteroid-launcher.html]
[sites.google.com/view/c0ntr0l/pages/g4m3s/simulator-gxmes/bitlife.html]
[sites.google.com/view/c0ntr0l/pages/g4m3s/simulator-gxmes/missile-map.html]
[sites.google.com/view/c0ntr0l/pages/g4m3s/simulator-gxmes/nuke-map.html]
[sites.google.com/view/c0ntr0l/pages/g4m3s/simulator-gxmes/webgl-fluid-simulator.html]
[sites.google.com/view/c0ntr0l/pages/g4m3s/simulator-gxmes/javascript-particles.html]
[sites.google.com/view/c0ntr0l/pages/g4m3s/io-gxmes.html]
[sites.google.com/view/c0ntr0l/pages/g4m3s/io-gxmes/1v1-lol.html]
[sites.google.com/view/c0ntr0l/pages/g4m3s/io-gxmes/paper-io-2.html]
[sites.google.com/view/c0ntr0l/pages/g4m3s/io-gxmes/drones-io.html]
[sites.google.com/view/c0ntr0l/pages/g4m3s/io-gxmes/just-fall.html]
[sites.google.com/view/c0ntr0l/pages/g4m3s/io-gxmes/shapez-io.html]
[sites.google.com/view/c0ntr0l/pages/g4m3s/io-gxmes/arras-io.html]
[sites.google.com/view/c0ntr0l/pages/g4m3s/io-gxmes/arras-io-mayhem.html]
[sites.google.com/view/c0ntr0l/pages/g4m3s/io-gxmes/deeeep-io.html]
[sites.google.com/view/c0ntr0l/pages/g4m3s/io-gxmes/diep-io.html]
[sites.google.com/view/c0ntr0l/pages/g4m3s/io-gxmes/kiomet.html]
[sites.google.com/view/c0ntr0l/pages/g4m3s/io-gxmes/mk48-io.html]
[sites.google.com/view/c0ntr0l/pages/g4m3s/io-gxmes/netquel.html]
[sites.google.com/view/c0ntr0l/pages/g4m3s/io-gxmes/netquel-2-beta.html]
[sites.google.com/view/c0ntr0l/pages/g4m3s/io-gxmes/tankgank.html]
[sites.google.com/view/c0ntr0l/pages/g4m3s/io-gxmes/zentakil.html]
[sites.google.com/view/c0ntr0l/pages/g4m3s/io-gxmes/scenexe2-io.html]
[sites.google.com/view/c0ntr0l/pages/g4m3s/io-gxmes/woomy-arras-io.html]
[sites.google.com/view/c0ntr0l/pages/g4m3s/io-gxmes/powerline-io.html]
[sites.google.com/view/c0ntr0l/pages/g4m3s/io-gxmes/outlive-ai.html]
[sites.google.com/view/c0ntr0l/pages/g4m3s/rhythm-gxmes.html]
[sites.google.com/view/c0ntr0l/pages/g4m3s/rhythm-gxmes/fnf.html]
[sites.google.com/view/c0ntr0l/pages/g4m3s/rhythm-gxmes/a-dance-of-fire-and-ice.html]
[sites.google.com/view/c0ntr0l/pages/g4m3s/sports-gxmes.html]
[sites.google.com/view/c0ntr0l/pages/g4m3s/sports-gxmes/retro-bowl.html]
[sites.google.com/view/c0ntr0l/pages/g4m3s/sports-gxmes/basketball-stars.html]
[sites.google.com/view/c0ntr0l/pages/g4m3s/sports-gxmes/basketball-legends-2020.html]
[sites.google.com/view/c0ntr0l/pages/g4m3s/sports-gxmes/basket-random.html]
[sites.google.com/view/c0ntr0l/pages/g4m3s/sports-gxmes/volley-random.html]
[sites.google.com/view/c0ntr0l/pages/g4m3s/sports-gxmes/rocket-league.html]
[sites.google.com/view/c0ntr0l/pages/g4m3s/sports-gxmes/retro-bowl-college.html]
[sites.google.com/view/c0ntr0l/pages/g4m3s/horror-games.html]
[sites.google.com/view/c0ntr0l/pages/g4m3s/horror-games/among-us.html]
[sites.google.com/view/c0ntr0l/pages/g4m3s/text-based-gxmes.html]
[sites.google.com/view/c0ntr0l/pages/g4m3s/text-based-gxmes/you-are-jeff-bezos.html]
[sites.google.com/view/c0ntr0l/pages/g4m3s/text-based-gxmes/the-hotel.html]
[sites.google.com/view/c0ntr0l/pages/g4m3s/text-based-gxmes/a-dark-room.html]
[sites.google.com/view/c0ntr0l/pages/g4m3s/racing-gxmes.html]
[sites.google.com/view/c0ntr0l/pages/g4m3s/racing-gxmes/cyber-city-driver.html]
[sites.google.com/view/c0ntr0l/pages/g4m3s/racing-gxmes/drive-mad.html]
[sites.google.com/view/c0ntr0l/pages/g4m3s/racing-gxmes/moto-x3m.html]
[sites.google.com/view/c0ntr0l/pages/g4m3s/racing-gxmes/moto-x3m-2.html]
[sites.google.com/view/c0ntr0l/pages/g4m3s/racing-gxmes/madalin-stunt-cars-2.html]
[sites.google.com/view/c0ntr0l/pages/g4m3s/racing-gxmes/madalin-stunt-cars-3.html]
[sites.google.com/view/c0ntr0l/pages/g4m3s/racing-gxmes/parking-fury.html]
[sites.google.com/view/c0ntr0l/pages/g4m3s/racing-gxmes/swerve.html]
[sites.google.com/view/c0ntr0l/pages/g4m3s/racing-gxmes/drifty-car.html]
[sites.google.com/view/c0ntr0l/pages/g4m3s/racing-gxmes/slow-roads.html]
[sites.google.com/view/c0ntr0l/pages/g4m3s/racing-gxmes/monster-tracks.html]
[sites.google.com/view/c0ntr0l/pages/g4m3s/retro-gxmes/minesweeper.html]
[sites.google.com/view/c0ntr0l/pages/g4m3s/retro-gxmes/super-mario-64.html]
[sites.google.com/view/c0ntr0l/pages/g4m3s/retro-gxmes/multiplayer-pong.html]
[sites.google.com/view/c0ntr0l/pages/g4m3s/retro-gxmes/snake.html]
[sites.google.com/view/c0ntr0l/pages/g4m3s/sandbox-gxmes.html]
[sites.google.com/view/c0ntr0l/pages/g4m3s/sandbox-gxmes/minecraftjs.html]
[sites.google.com/view/c0ntr0l/pages/g4m3s/sandbox-gxmes/townscaper.html]
[sites.google.com/view/c0ntr0l/pages/g4m3s/sandbox-gxmes/sand-game.html]
[sites.google.com/view/c0ntr0l/pages/g4m3s/sandbox-gxmes/sandboxels.html]
[sites.google.com/view/c0ntr0l/pages/g4m3s/sandbox-gxmes/minecraft-pen.html]
[sites.google.com/view/c0ntr0l/pages/g4m3s/sandbox-gxmes/minecraft-classic.html]
[sites.google.com/view/c0ntr0l/pages/g4m3s/maze-gxmes/astray.html]
[sites.google.com/view/c0ntr0l/pages/g4m3s/maze-gxmes/just-maze.html]
[sites.google.com/view/c0ntr0l/pages/g4m3s/tower-defense-gxmes/slime-rush-td.html]
[sites.google.com/view/c0ntr0l/pages/g4m3s/tower-defense-gxmes/bloonstd.html]
[sites.google.com/view/c0ntr0l/pages/g4m3s/tower-defense-gxmes/btd.html]
[sites.google.com/view/c0ntr0l/pages/g4m3s/tower-defense-gxmes/btd-6.html]
[sites.google.com/view/c0ntr0l/pages/g4m3s/xb0x-cl0ud-g4m1ng.html]
[sites.google.com/view/c0ntr0l/pages/g4m3s/m1n3craft.html]
[sites.google.com/view/c0ntr0l/pages/g4m3s/m1n3craft/eaglercraft.html]
[sites.google.com/view/c0ntr0l/pages/apks/installing-apks.html]
[sites.google.com/view/c0ntr0l/pages/apks/geometry-dash-meltdown.html]
[sites.google.com/view/c0ntr0l/pages/apks/geometry-dash-world.html]
[sites.google.com/view/c0ntr0l/pages/apks/pojavlauncher.html]
[sites.google.com/view/c0ntr0l/pages/apks/pojavlauncher/server-list.html]
[sites.google.com/view/c0ntr0l/pages/apks/chrome-90.html]
[sites.google.com/view/c0ntr0l/about/partners.html]
[sites.google.com/view/c0ntr0l/about/contact-us.html]
[sites.google.com/view/c0ntr0l/about/partnership-form.html]
[sites.google.com/view/c0ntr0l/info/alt-links.html]
[sites.google.com/view/c0ntr0l/info/changelog.html]
[sites.google.com/view/c0ntr0l/info/pbsl-code.html]
[sites.google.com/view/c0ntr0l/info/info.html]
[sites.google.com/view/c0ntr0l/info/copyright.html]
[sites.google.com/view/c0ntr0l/g4m3s/actionadventure-gxmes/n-gon.14285d6.delayed]
[sites.google.com/view/c0ntr0l/pr0x13s/d0g3-undl0ck3r.14385d6.delayed]
[sites.google.com/view/c0ntr0l/m0v13s/m0v1e-web.14485d6.delayed]
[sites.google.com/view/c0ntr0l/home.html]
[sites.google.com/view/c0ntr0l/POST.html]
[sites.google.com/view/c0ntr0l/pages/os-3mulators/POST.145.delayed]
[sites.google.com/view/c0ntr0l/pages/os-3mulators/m1nd0ws.html]
[sites.google.com/view/c0ntr0l/pages/os-3mulators/anura-os.html]
[sites.google.com/view/c0ntr0l/pages/os-3mulators/w1nd0ws-10.html]
[sites.google.com/view/c0ntr0l/pages/os-3mulators/w1nd0ws-11.html]
[sites.google.com/view/c0ntr0l/pages/os-3mulators/fl0w-os.html]
[sites.google.com/view/c0ntr0l/pages/os-3mulators/macos.html]
[sites.google.com/view/c0ntr0l/pages/mov13s/POST.158.delayed]
[sites.google.com/view/c0ntr0l/pages/mov13s/m0v1e-web.html]
[sites.google.com/view/c0ntr0l/pages/POST.15c.delayed]
[sites.google.com/view/c0ntr0l/pages/pr0x13s.html]
[sites.google.com/view/c0ntr0l/pages/pr0x13s/POST.160.delayed]
[sites.google.com/view/c0ntr0l/pages/pr0x13s/aby.html]
[sites.google.com/view/c0ntr0l/pages/pr0x13s/adr1ft.html]
[sites.google.com/view/c0ntr0l/pages/pr0x13s/art-cl4ss.html]
[sites.google.com/view/c0ntr0l/pages/pr0x13s/br3ak1um.html]
[sites.google.com/view/c0ntr0l/pages/pr0x13s/bchs.html]
[sites.google.com/view/c0ntr0l/pages/pr0x13s/buyp4ss.html]
[sites.google.com/view/c0ntr0l/pages/pr0x13s/d0g3-undl0ck3r.html]
[sites.google.com/view/c0ntr0l/pages/pr0x13s/dm-undl0ck3r.html]
[sites.google.com/view/c0ntr0l/pages/pr0x13s/em3r4ld.html]
[sites.google.com/view/c0ntr0l/pages/pr0x13s/equ1n0x3.html]
[sites.google.com/view/c0ntr0l/pages/pr0x13s/1nt3rst3llar.html]
[sites.google.com/view/c0ntr0l/pages/pr0x13s/inc0gn1to.html]
[sites.google.com/view/c0ntr0l/pages/pr0x13s/m00nl1ght.html]
[sites.google.com/view/c0ntr0l/pages/pr0x13s/m3tall1c.html]
[sites.google.com/view/c0ntr0l/pages/pr0x13s/m0cha.html]
[sites.google.com/view/c0ntr0l/pages/pr0x13s/n1ght.html]
[sites.google.com/view/c0ntr0l/pages/pr0x13s/n3bula.html]
[sites.google.com/view/c0ntr0l/pages/pr0x13s/p0lar1s.html]
[sites.google.com/view/c0ntr0l/pages/pr0x13s/r4mmerh3ad.html]
[sites.google.com/view/c0ntr0l/pages/pr0x13s/shuttl3.html]
[sites.google.com/view/c0ntr0l/pages/pr0x13s/sh4d0w.html]
[sites.google.com/view/c0ntr0l/pages/pr0x13s/s0d1um.html]
[sites.google.com/view/c0ntr0l/pages/pr0x13s/st4t1c.html]
[sites.google.com/view/c0ntr0l/pages/pr0x13s/sup3rn0va.html]
[sites.google.com/view/c0ntr0l/pages/pr0x13s/t1nf0il.html]
[sites.google.com/view/c0ntr0l/pages/pr0x13s/th3-b3an.html]
[sites.google.com/view/c0ntr0l/pages/pr0x13s/t-cr4ck.html]
[sites.google.com/view/c0ntr0l/pages/pr0x13s/typ31st.html]
[sites.google.com/view/c0ntr0l/pages/pr0x13s/tsumfg.html]
[sites.google.com/view/c0ntr0l/pages/pr0x13s/ut0p1a.html]
[sites.google.com/view/c0ntr0l/pages/pr0x13s/ultrav1ol3t.html]
[sites.google.com/view/c0ntr0l/pages/apps/POST.1be.delayed]
[sites.google.com/view/c0ntr0l/pages/apps/'https_/cdn.jsdelivr.net/npm/@widgetbot/crate@3'.1c2.delayed]
[sites.google.com/view/c0ntr0l/pages/apps/d1sc0rd.html]
[sites.google.com/view/c0ntr0l/pages/apps/g1thub.html]
[sites.google.com/view/c0ntr0l/pages/apps/r3dd1t.html]
[sites.google.com/view/c0ntr0l/pages/apps/sp0t1fy.html]
[sites.google.com/view/c0ntr0l/pages/apps/y0utube.html]
[sites.google.com/view/c0ntr0l/pages/scripts/undlocking/POST.1cf.delayed]
[sites.google.com/view/c0ntr0l/pages/scripts/undlocking/aboutblank-opener.html]
[sites.google.com/view/c0ntr0l/pages/scripts/undlocking/extension-remover.html]
[raw.githubusercontent.com/3kh0/ext-remover/main/exploit.js]
[sites.google.com/view/c0ntr0l/pages/scripts/undlocking/extension-modifier.html]
[sites.google.com/view/c0ntr0l/pages/scripts/undlocking/extension-remover-2.html]
[sites.google.com/view/c0ntr0l/pages/scripts/undlocking/${prompt('enter.1dd.delayed]
[sites.google.com/view/c0ntr0l/pages/scripts/undlocking/embedded-undlocker.html]
[sites.google.com/view/c0ntr0l/pages/scripts/undlocking/ingot.html]
[sites.google.com/view/c0ntr0l/pages/scripts/undlocking/youtube-bypass.html]
[sites.google.com/view/c0ntr0l/pages/scripts/undlocking/node.html]
[sites.google.com/view/c0ntr0l/pages/scripts/undlocking/securly-remover.html]
[sites.google.com/view/c0ntr0l/pages/scripts/undlocking/developer-mode.html]
[sites.google.com/view/c0ntr0l/pages/scripts/undlocking/car-axle-client.html]
[sites.google.com/view/c0ntr0l/pages/scripts/undlocking/byesecurly.html]
[sites.google.com/view/c0ntr0l/pages/scripts/fun/POST.1f6.delayed]
[sites.google.com/view/c0ntr0l/pages/scripts/fun/fake-error.html]
[sites.google.com/view/c0ntr0l/pages/scripts/fun/gravity.html]
[sites.google.com/view/c0ntr0l/pages/scripts/fun/fake-chrome-update-screen.html]
[sites.google.com/view/c0ntr0l/pages/scripts/fun/corrupt-v2.html]
[sites.google.com/view/c0ntr0l/pages/scripts/fun/infinite-tab-opener.html]
[sites.google.com/view/c0ntr0l/pages/scripts/fun/pop-up-snake-gxme.html]
[sites.google.com/view/c0ntr0l/pages/scripts/fun/snake-mod.html]
[sites.google.com/view/c0ntr0l/pages/scripts/fun/link-changer.html]
[sites.google.com/view/c0ntr0l/pages/scripts/fun/metal-pipe.html]
[sites.google.com/view/c0ntr0l/pages/scripts/fun/high-pitch-sound-hider.html]
[sites.google.com/view/c0ntr0l/pages/scripts/fun/corrupt-v2_1.html]
[sites.google.com/view/c0ntr0l/pages/scripts/fun/corrupted-text.html]
[sites.google.com/view/c0ntr0l/pages/scripts/fun/piano.html]
[cdn.jsdelivr.net/gh/Krazete/bookmarklets/piano.min.js]
[sites.google.com/view/c0ntr0l/pages/scripts/fun/katamari-gxme.html]
[sites.google.com/view/c0ntr0l/pages/scripts/fun/asteroids-gxme.html]
[sites.google.com/view/c0ntr0l/pages/scripts/misc/POST.225.delayed]
[sites.google.com/view/c0ntr0l/pages/scripts/misc/inspect-element.html]
[sites.google.com/view/c0ntr0l/pages/scripts/misc/tab-disguiser.html]
[sites.google.com/view/c0ntr0l/pages/scripts/misc/cookie-remover.html]
[sites.google.com/view/c0ntr0l/pages/scripts/misc/url-compressor.html]
[sites.google.com/view/c0ntr0l/pages/scripts/misc/invert-webpage-colors.html]
[sites.google.com/view/c0ntr0l/pages/scripts/misc/history-flooder.html]
[sites.google.com/view/c0ntr0l/pages/scripts/misc/chromebook-crasher.html]
[sites.google.com/view/c0ntr0l/pages/scripts/misc/auto-clicker.html]
[sites.google.com/view/c0ntr0l/pages/scripts/misc/3d-webpage.html]
[sites.google.com/view/c0ntr0l/pages/scripts/misc/adblocker.html]
[sites.google.com/view/c0ntr0l/pages/scripts/misc/dark-mode.html]
[sites.google.com/view/c0ntr0l/pages/scripts/cheating/POST.247.delayed]
[sites.google.com/view/c0ntr0l/pages/scripts/cheating/quizlet-hacks.html]
[sites.google.com/view/c0ntr0l/pages/scripts/cheating/prodigy-hacks.html]
[sites.google.com/view/c0ntr0l/pages/scripts/cheating/edpuzzle-video-skipper.html]
[sites.google.com/view/c0ntr0l/pages/ai/POST.251.delayed]
[sites.google.com/view/c0ntr0l/pages/ai/chatgpt.html]
[sites.google.com/view/c0ntr0l/pages/ai/zerogpt.html]
[sites.google.com/view/c0ntr0l/pages/3xplo1ts/POST.258.delayed]
[sites.google.com/view/c0ntr0l/pages/3xplo1ts/3xpl01ts.html]
[sites.google.com/view/c0ntr0l/pages/3xplo1ts/ltm3at.html]
[sites.google.com/view/c0ntr0l/pages/3xplo1ts/ltv3gan.html]
[sites.google.com/view/c0ntr0l/pages/3xplo1ts/g00dbye-guardian.html]
[sites.google.com/view/c0ntr0l/pages/3xplo1ts/ins3curly.html]
[sites.google.com/view/c0ntr0l/pages/3xplo1ts/d1sable-s3curly.html]
[sites.google.com/view/c0ntr0l/pages/3xplo1ts/triutama.html]
[sites.google.com/view/c0ntr0l/pages/3xplo1ts/sk10v0x.html]
[sites.google.com/view/c0ntr0l/pages/3xplo1ts/sh0v3l.html]
[sites.google.com/view/c0ntr0l/pages/g4m3s/POST.274.delayed]
[sites.google.com/view/c0ntr0l/pages/g4m3s/actionadventure-gxmes.html]
[sites.google.com/view/c0ntr0l/pages/g4m3s/actionadventure-gxmes/POST.278.delayed]
[sites.google.com/view/c0ntr0l/pages/g4m3s/actionadventure-gxmes/ascii-space.html]
[sites.google.com/view/c0ntr0l/pages/g4m3s/actionadventure-gxmes/bounce-back.html]
[sites.google.com/view/c0ntr0l/pages/g4m3s/actionadventure-gxmes/achievment-unlocked.html]
[sites.google.com/view/c0ntr0l/pages/g4m3s/actionadventure-gxmes/creative-kill-chamber.html]
[sites.google.com/view/c0ntr0l/pages/g4m3s/actionadventure-gxmes/champion-island.html]
[sites.google.com/view/c0ntr0l/pages/g4m3s/actionadventure-gxmes/duck-life.html]
[sites.google.com/view/c0ntr0l/pages/g4m3s/actionadventure-gxmes/duck-life-2.html]
[sites.google.com/view/c0ntr0l/pages/g4m3s/actionadventure-gxmes/duck-life-3.html]
[sites.google.com/view/c0ntr0l/pages/g4m3s/actionadventure-gxmes/duck-life-4.html]
[sites.google.com/view/c0ntr0l/pages/g4m3s/actionadventure-gxmes/n-gon.html]
[sites.google.com/view/c0ntr0l/pages/g4m3s/actionadventure-gxmes/this-is-the-only-level.html]
[sites.google.com/view/c0ntr0l/pages/g4m3s/actionadventure-gxmes/the-chrome-incident.html]
[sites.google.com/view/c0ntr0l/pages/g4m3s/actionadventure-gxmes/the-worlds-hardest-game.html]
[sites.google.com/view/c0ntr0l/pages/g4m3s/actionadventure-gxmes/the-worlds-hardest-game-2.html]
[sites.google.com/view/c0ntr0l/pages/g4m3s/actionadventure-gxmes/the-worlds-hardest-game-3.html]
[sites.google.com/view/c0ntr0l/pages/g4m3s/actionadventure-gxmes/henry-stickman-collection.html]
[sites.google.com/view/c0ntr0l/pages/g4m3s/actionadventure-gxmes/henry-stickman-collection/POST.2a9.delayed]
[sites.google.com/view/c0ntr0l/pages/g4m3s/actionadventure-gxmes/henry-stickman-collection/1-breaking-the-bank.html]
[sites.google.com/view/c0ntr0l/pages/g4m3s/actionadventure-gxmes/henry-stickman-collection/2-escaping-the-prison.html]
[sites.google.com/view/c0ntr0l/pages/g4m3s/actionadventure-gxmes/henry-stickman-collection/3-stealing-the-diamond.html]
[sites.google.com/view/c0ntr0l/pages/g4m3s/actionadventure-gxmes/henry-stickman-collection/4-infiltrating-the-airship.html]
[sites.google.com/view/c0ntr0l/pages/g4m3s/actionadventure-gxmes/henry-stickman-collection/5-fleeing-the-complex.html]
[sites.google.com/view/c0ntr0l/pages/g4m3s/actionadventure-gxmes/this-is-the-only-level-2.html]
[sites.google.com/view/c0ntr0l/pages/g4m3s/platformer-gxmes.html]
[sites.google.com/view/c0ntr0l/pages/g4m3s/platformer-gxmes/POST.2bf.delayed]
[sites.google.com/view/c0ntr0l/pages/g4m3s/platformer-gxmes/crossy-road.html]
[sites.google.com/view/c0ntr0l/pages/g4m3s/platformer-gxmes/ns-shaft.html]
[sites.google.com/view/c0ntr0l/pages/g4m3s/platformer-gxmes/ovo.html]
[sites.google.com/view/c0ntr0l/pages/g4m3s/platformer-gxmes/subway-surfers.html]
[sites.google.com/view/c0ntr0l/pages/g4m3s/platformer-gxmes/stickman-hook.html]
[sites.google.com/view/c0ntr0l/pages/g4m3s/platformer-gxmes/run-3.html]
[sites.google.com/view/c0ntr0l/pages/g4m3s/platformer-gxmes/cluster-rush.html]
[sites.google.com/view/c0ntr0l/pages/g4m3s/platformer-gxmes/geometry-dash.html]
[sites.google.com/view/c0ntr0l/pages/g4m3s/platformer-gxmes/vex-3.html]
[sites.google.com/view/c0ntr0l/pages/g4m3s/platformer-gxmes/vex-4.html]
[sites.google.com/view/c0ntr0l/pages/g4m3s/platformer-gxmes/vex-5.html]
[sites.google.com/view/c0ntr0l/pages/g4m3s/platformer-gxmes/vex-6.html]
[sites.google.com/view/c0ntr0l/pages/g4m3s/platformer-gxmes/vex-7.html]
[sites.google.com/view/c0ntr0l/pages/g4m3s/platformer-gxmes/doodle-jump.html]
[sites.google.com/view/c0ntr0l/pages/g4m3s/platformer-gxmes/stickman-boost.html]
[sites.google.com/view/c0ntr0l/pages/g4m3s/platformer-gxmes/stickman-boost-2.html]
[sites.google.com/view/c0ntr0l/pages/g4m3s/platformer-gxmes/dadish.html]
[sites.google.com/view/c0ntr0l/pages/g4m3s/platformer-gxmes/dadish-2.html]
[sites.google.com/view/c0ntr0l/pages/g4m3s/platformer-gxmes/stickman-hook_1.html]
[sites.google.com/view/c0ntr0l/pages/g4m3s/platformer-gxmes/slope-3.html]
[sites.google.com/view/c0ntr0l/pages/g4m3s/platformer-gxmes/geometry-dash-lite.html]
[sites.google.com/view/c0ntr0l/pages/g4m3s/platformer-gxmes/poly-branch.html]
[sites.google.com/view/c0ntr0l/pages/g4m3s/platformer-gxmes/papery-planes.html]
[sites.google.com/view/c0ntr0l/pages/g4m3s/platformer-gxmes/rolling-forests.html]
[sites.google.com/view/c0ntr0l/pages/g4m3s/platformer-gxmes/rolling-sky.html]
[sites.google.com/view/c0ntr0l/pages/g4m3s/platformer-gxmes/temple-run-2.html]
[sites.google.com/view/c0ntr0l/pages/g4m3s/platformer-gxmes/tunnel-rush.html]
[sites.google.com/view/c0ntr0l/pages/g4m3s/platformer-gxmes/slope.html]
[sites.google.com/view/c0ntr0l/pages/g4m3s/platformer-gxmes/slope-2.html]
[sites.google.com/view/c0ntr0l/pages/g4m3s/puzzle-games.html]
[sites.google.com/view/c0ntr0l/pages/g4m3s/puzzle-games/POST.31a.delayed]
[sites.google.com/view/c0ntr0l/pages/g4m3s/puzzle-games/game-inside-a-game.html]
[sites.google.com/view/c0ntr0l/pages/g4m3s/puzzle-games/gray-box-testing.html]
[sites.google.com/view/c0ntr0l/pages/g4m3s/puzzle-games/black-hole-square.html]
[sites.google.com/view/c0ntr0l/pages/g4m3s/puzzle-games/core-ball.html]
[sites.google.com/view/c0ntr0l/pages/g4m3s/puzzle-games/hextris.html]
[sites.google.com/view/c0ntr0l/pages/g4m3s/puzzle-games/cell-machine.html]
[sites.google.com/view/c0ntr0l/pages/g4m3s/puzzle-games/edge-not-found.html]
[sites.google.com/view/c0ntr0l/pages/g4m3s/puzzle-games/portal.html]
[sites.google.com/view/c0ntr0l/pages/g4m3s/puzzle-games/bloxorz.html]
[sites.google.com/view/c0ntr0l/pages/g4m3s/puzzle-games/riddle-school.html]
[sites.google.com/view/c0ntr0l/pages/g4m3s/puzzle-games/riddle-school-2.html]
[sites.google.com/view/c0ntr0l/pages/g4m3s/puzzle-games/riddle-school-3.html]
[sites.google.com/view/c0ntr0l/pages/g4m3s/puzzle-games/riddle-school-4.html]
[sites.google.com/view/c0ntr0l/pages/g4m3s/puzzle-games/riddle-school-5.html]
[sites.google.com/view/c0ntr0l/pages/g4m3s/puzzle-games/2048.html]
[sites.google.com/view/c0ntr0l/pages/g4m3s/puzzle-games/breaklock.html]
[sites.google.com/view/c0ntr0l/pages/g4m3s/puzzle-games/tetris.html]
[sites.google.com/view/c0ntr0l/pages/g4m3s/puzzle-games/portal-2.html]
[sites.google.com/view/c0ntr0l/pages/g4m3s/puzzle-games/flappy-2048.html]
[sites.google.com/view/c0ntr0l/pages/g4m3s/puzzle-games/tiny-islands.html]
[sites.google.com/view/c0ntr0l/pages/g4m3s/misc-gxmes.html]
[sites.google.com/view/c0ntr0l/pages/g4m3s/misc-gxmes/POST.35a.delayed]
[sites.google.com/view/c0ntr0l/pages/g4m3s/misc-gxmes/star-wars-3d.html]
[sites.google.com/view/c0ntr0l/pages/g4m3s/misc-gxmes/interactive-buddy.html]
[sites.google.com/view/c0ntr0l/pages/g4m3s/misc-gxmes/jetpack-joyride.html]
[sites.google.com/view/c0ntr0l/pages/g4m3s/misc-gxmes/just-one-boss.html]
[sites.google.com/view/c0ntr0l/pages/g4m3s/misc-gxmes/google-fued.html]
[sites.google.com/view/c0ntr0l/pages/g4m3s/misc-gxmes/mindustry.html]
[sites.google.com/view/c0ntr0l/pages/g4m3s/misc-gxmes/the-final-earth.html]
[sites.google.com/view/c0ntr0l/pages/g4m3s/misc-gxmes/papas-burgeria.html]
[sites.google.com/view/c0ntr0l/pages/g4m3s/misc-gxmes/my-rusty-submarine.html]
[sites.google.com/view/c0ntr0l/pages/g4m3s/misc-gxmes/papas-pizzeria.html]
[sites.google.com/view/c0ntr0l/pages/g4m3s/misc-gxmes/cell-machine.html]
[sites.google.com/view/c0ntr0l/pages/g4m3s/misc-gxmes/cubefield.html]
[sites.google.com/view/c0ntr0l/pages/g4m3s/misc-gxmes/the-final-earth-2.html]
[sites.google.com/view/c0ntr0l/pages/g4m3s/misc-gxmes/infinite-craft.html]
[sites.google.com/view/c0ntr0l/pages/g4m3s/misc-gxmes/the-password-gxme.html]
[sites.google.com/view/c0ntr0l/pages/g4m3s/misc-gxmes/design-the-next-iphone.html]
[sites.google.com/view/c0ntr0l/pages/g4m3s/misc-gxmes/spend-bill-gates-money.html]
[sites.google.com/view/c0ntr0l/pages/g4m3s/misc-gxmes/wonders-of-street-view.html]
[sites.google.com/view/c0ntr0l/pages/g4m3s/misc-gxmes/ambient-chaos.html]
[sites.google.com/view/c0ntr0l/pages/g4m3s/misc-gxmes/simpsons-wrestling.html]
[sites.google.com/view/c0ntr0l/pages/g4m3s/misc-gxmes/ages-of-conflict.html]
[sites.google.com/view/c0ntr0l/pages/g4m3s/misc-gxmes/tiny-islands.html]
[sites.google.com/view/c0ntr0l/pages/g4m3s/misc-gxmes/2020-gxme.html]
[sites.google.com/view/c0ntr0l/pages/g4m3s/misc-gxmes/stack-bump-3d.html]
[sites.google.com/view/c0ntr0l/pages/g4m3s/misc-gxmes/ascii-camera.html]
[sites.google.com/view/c0ntr0l/pages/g4m3s/misc-gxmes/stickman-archer-adventure.html]
[sites.google.com/view/c0ntr0l/pages/g4m3s/misc-gxmes/generic-fishing-gxme.html]
[sites.google.com/view/c0ntr0l/pages/g4m3s/misc-gxmes/tabs.html]
[sites.google.com/view/c0ntr0l/pages/g4m3s/bullet-hell-gxmes.html]
[sites.google.com/view/c0ntr0l/pages/g4m3s/bullet-hell-gxmes/POST.3b2.delayed]
[sites.google.com/view/c0ntr0l/pages/g4m3s/bullet-hell-gxmes/10-bullets.html]
[sites.google.com/view/c0ntr0l/pages/g4m3s/bullet-hell-gxmes/10-more-bullets.html]
[sites.google.com/view/c0ntr0l/pages/g4m3s/bullet-hell-gxmes/10-minutes-till-dawn.html]
[sites.google.com/view/c0ntr0l/pages/g4m3s/bullet-hell-gxmes/supercold.html]
[sites.google.com/view/c0ntr0l/pages/g4m3s/bullet-hell-gxmes/evil-glitch.html]
[sites.google.com/view/c0ntr0l/pages/g4m3s/bullet-hell-gxmes/veloce.html]
[sites.google.com/view/c0ntr0l/pages/g4m3s/bullet-hell-gxmes/radius-raid.html]
[sites.google.com/view/c0ntr0l/pages/g4m3s/shooter-gxmes.html]
[sites.google.com/view/c0ntr0l/pages/g4m3s/shooter-gxmes/POST.3cb.delayed]
[sites.google.com/view/c0ntr0l/pages/g4m3s/shooter-gxmes/station-141.html]
[sites.google.com/view/c0ntr0l/pages/g4m3s/shooter-gxmes/awesome-tanks-2.html]
[sites.google.com/view/c0ntr0l/pages/g4m3s/shooter-gxmes/superhot.html]
[sites.google.com/view/c0ntr0l/pages/g4m3s/shooter-gxmes/rooftop-snipers.html]
[sites.google.com/view/c0ntr0l/pages/g4m3s/shooter-gxmes/sniper-assasian.html]
[sites.google.com/view/c0ntr0l/pages/g4m3s/shooter-gxmes/tactical-assassin.html]
[sites.google.com/view/c0ntr0l/pages/g4m3s/shooter-gxmes/rooftop-snipers-2.html]
[sites.google.com/view/c0ntr0l/pages/g4m3s/shooter-gxmes/gun-mayhem.html]
[sites.google.com/view/c0ntr0l/pages/g4m3s/shooter-gxmes/gun-mayhem-2.html]
[sites.google.com/view/c0ntr0l/pages/g4m3s/shooter-gxmes/gun-mayhem-redux.html]
[sites.google.com/view/c0ntr0l/pages/g4m3s/shooter-gxmes/funny-shooter.html]
[sites.google.com/view/c0ntr0l/pages/g4m3s/shooter-gxmes/funny-shooter-2.html]
[sites.google.com/view/c0ntr0l/pages/g4m3s/shooter-gxmes/time-shooter-2.html]
[sites.google.com/view/c0ntr0l/pages/g4m3s/idle-gxmes.html]
[sites.google.com/view/c0ntr0l/pages/g4m3s/idle-gxmes/POST.3f6.delayed]
[sites.google.com/view/c0ntr0l/pages/g4m3s/idle-gxmes/cookie-clicker.html]
[sites.google.com/view/c0ntr0l/pages/g4m3s/idle-gxmes/particle-clicker.html]
[sites.google.com/view/c0ntr0l/pages/g4m3s/idle-gxmes/grindcraft.html]
[sites.google.com/view/c0ntr0l/pages/g4m3s/idle-gxmes/space-company.html]
[sites.google.com/view/c0ntr0l/pages/g4m3s/simulator-gxmes.html]
[sites.google.com/view/c0ntr0l/pages/g4m3s/simulator-gxmes/POST.406.delayed]
[sites.google.com/view/c0ntr0l/pages/g4m3s/simulator-gxmes/asteroid-launcher.html]
[sites.google.com/view/c0ntr0l/pages/g4m3s/simulator-gxmes/bitlife.html]
[sites.google.com/view/c0ntr0l/pages/g4m3s/simulator-gxmes/missile-map.html]
[sites.google.com/view/c0ntr0l/pages/g4m3s/simulator-gxmes/nuke-map.html]
[sites.google.com/view/c0ntr0l/pages/g4m3s/simulator-gxmes/webgl-fluid-simulator.html]
[sites.google.com/view/c0ntr0l/pages/g4m3s/simulator-gxmes/javascript-particles.html]
[sites.google.com/view/c0ntr0l/pages/g4m3s/io-gxmes.html]
[sites.google.com/view/c0ntr0l/pages/g4m3s/io-gxmes/POST.41c.delayed]
[sites.google.com/view/c0ntr0l/pages/g4m3s/io-gxmes/1v1-lol.html]
[sites.google.com/view/c0ntr0l/pages/g4m3s/io-gxmes/paper-io-2.html]
[sites.google.com/view/c0ntr0l/pages/g4m3s/io-gxmes/drones-io.html]
[sites.google.com/view/c0ntr0l/pages/g4m3s/io-gxmes/just-fall.html]
[sites.google.com/view/c0ntr0l/pages/g4m3s/io-gxmes/shapez-io.html]
[sites.google.com/view/c0ntr0l/pages/g4m3s/io-gxmes/arras-io.html]
[sites.google.com/view/c0ntr0l/pages/g4m3s/io-gxmes/arras-io-mayhem.html]
[sites.google.com/view/c0ntr0l/pages/g4m3s/io-gxmes/deeeep-io.html]
[sites.google.com/view/c0ntr0l/pages/g4m3s/io-gxmes/diep-io.html]
[sites.google.com/view/c0ntr0l/pages/g4m3s/io-gxmes/kiomet.html]
[sites.google.com/view/c0ntr0l/pages/g4m3s/io-gxmes/mk48-io.html]
[sites.google.com/view/c0ntr0l/pages/g4m3s/io-gxmes/netquel.html]
[sites.google.com/view/c0ntr0l/pages/g4m3s/io-gxmes/netquel-2-beta.html]
[sites.google.com/view/c0ntr0l/pages/g4m3s/io-gxmes/tankgank.html]
[sites.google.com/view/c0ntr0l/pages/g4m3s/io-gxmes/zentakil.html]
[sites.google.com/view/c0ntr0l/pages/g4m3s/io-gxmes/scenexe2-io.html]
[sites.google.com/view/c0ntr0l/pages/g4m3s/io-gxmes/woomy-arras-io.html]
[sites.google.com/view/c0ntr0l/pages/g4m3s/io-gxmes/powerline-io.html]
[sites.google.com/view/c0ntr0l/pages/g4m3s/io-gxmes/outlive-ai.html]
[sites.google.com/view/c0ntr0l/pages/g4m3s/rhythm-gxmes.html]
[sites.google.com/view/c0ntr0l/pages/g4m3s/rhythm-gxmes/POST.459.delayed]
[sites.google.com/view/c0ntr0l/pages/g4m3s/rhythm-gxmes/fnf.html]
[sites.google.com/view/c0ntr0l/pages/g4m3s/rhythm-gxmes/a-dance-of-fire-and-ice.html]
[sites.google.com/view/c0ntr0l/pages/g4m3s/sports-gxmes.html]
[sites.google.com/view/c0ntr0l/pages/g4m3s/sports-gxmes/POST.463.delayed]
[sites.google.com/view/c0ntr0l/pages/g4m3s/sports-gxmes/retro-bowl.html]
[sites.google.com/view/c0ntr0l/pages/g4m3s/sports-gxmes/basketball-stars.html]
[sites.google.com/view/c0ntr0l/pages/g4m3s/sports-gxmes/basketball-legends-2020.html]
[sites.google.com/view/c0ntr0l/pages/g4m3s/sports-gxmes/basket-random.html]
[sites.google.com/view/c0ntr0l/pages/g4m3s/sports-gxmes/volley-random.html]
[sites.google.com/view/c0ntr0l/pages/g4m3s/sports-gxmes/rocket-league.html]
[sites.google.com/view/c0ntr0l/pages/g4m3s/sports-gxmes/retro-bowl-college.html]
[sites.google.com/view/c0ntr0l/pages/g4m3s/horror-games.html]
[sites.google.com/view/c0ntr0l/pages/g4m3s/horror-games/POST.47c.delayed]
[sites.google.com/view/c0ntr0l/pages/g4m3s/horror-games/among-us.html]
[sites.google.com/view/c0ntr0l/pages/g4m3s/text-based-gxmes.html]
[sites.google.com/view/c0ntr0l/pages/g4m3s/text-based-gxmes/POST.483.delayed]
[sites.google.com/view/c0ntr0l/pages/g4m3s/text-based-gxmes/you-are-jeff-bezos.html]
[sites.google.com/view/c0ntr0l/pages/g4m3s/text-based-gxmes/the-hotel.html]
[sites.google.com/view/c0ntr0l/pages/g4m3s/text-based-gxmes/a-dark-room.html]
[sites.google.com/view/c0ntr0l/pages/g4m3s/racing-gxmes.html]
[sites.google.com/view/c0ntr0l/pages/g4m3s/racing-gxmes/POST.490.delayed]
[sites.google.com/view/c0ntr0l/pages/g4m3s/racing-gxmes/cyber-city-driver.html]
[sites.google.com/view/c0ntr0l/pages/g4m3s/racing-gxmes/drive-mad.html]
[sites.google.com/view/c0ntr0l/pages/g4m3s/racing-gxmes/moto-x3m.html]
[sites.google.com/view/c0ntr0l/pages/g4m3s/racing-gxmes/moto-x3m-2.html]
[sites.google.com/view/c0ntr0l/pages/g4m3s/racing-gxmes/madalin-stunt-cars-2.html]
[sites.google.com/view/c0ntr0l/pages/g4m3s/racing-gxmes/madalin-stunt-cars-3.html]
[sites.google.com/view/c0ntr0l/pages/g4m3s/racing-gxmes/parking-fury.html]
[sites.google.com/view/c0ntr0l/pages/g4m3s/racing-gxmes/swerve.html]
[sites.google.com/view/c0ntr0l/pages/g4m3s/racing-gxmes/drifty-car.html]
[sites.google.com/view/c0ntr0l/pages/g4m3s/racing-gxmes/slow-roads.html]
[sites.google.com/view/c0ntr0l/pages/g4m3s/racing-gxmes/monster-tracks.html]
[sites.google.com/view/c0ntr0l/pages/g4m3s/retro-gxmes/POST.4b2.delayed]
[sites.google.com/view/c0ntr0l/pages/g4m3s/retro-gxmes/minesweeper.html]
[sites.google.com/view/c0ntr0l/pages/g4m3s/retro-gxmes/super-mario-64.html]
[sites.google.com/view/c0ntr0l/pages/g4m3s/retro-gxmes/multiplayer-pong.html]
[sites.google.com/view/c0ntr0l/pages/g4m3s/retro-gxmes/snake.html]
[sites.google.com/view/c0ntr0l/pages/g4m3s/sandbox-gxmes.html]
[sites.google.com/view/c0ntr0l/pages/g4m3s/sandbox-gxmes/POST.4c2.delayed]
[sites.google.com/view/c0ntr0l/pages/g4m3s/sandbox-gxmes/minecraftjs.html]
[sites.google.com/view/c0ntr0l/pages/g4m3s/sandbox-gxmes/townscaper.html]
[sites.google.com/view/c0ntr0l/pages/g4m3s/sandbox-gxmes/sand-game.html]
[sites.google.com/view/c0ntr0l/pages/g4m3s/sandbox-gxmes/sandboxels.html]
[sites.google.com/view/c0ntr0l/pages/g4m3s/sandbox-gxmes/minecraft-pen.html]
[sites.google.com/view/c0ntr0l/pages/g4m3s/sandbox-gxmes/minecraft-classic.html]
[sites.google.com/view/c0ntr0l/pages/g4m3s/maze-gxmes/POST.4d5.delayed]
[sites.google.com/view/c0ntr0l/pages/g4m3s/maze-gxmes/astray.html]
[sites.google.com/view/c0ntr0l/pages/g4m3s/maze-gxmes/just-maze.html]
[sites.google.com/view/c0ntr0l/pages/g4m3s/tower-defense-gxmes/POST.4dc.delayed]
[sites.google.com/view/c0ntr0l/pages/g4m3s/tower-defense-gxmes/slime-rush-td.html]
[sites.google.com/view/c0ntr0l/pages/g4m3s/tower-defense-gxmes/bloonstd.html]
[sites.google.com/view/c0ntr0l/pages/g4m3s/tower-defense-gxmes/btd.html]
[sites.google.com/view/c0ntr0l/pages/g4m3s/tower-defense-gxmes/btd-6.html]
[sites.google.com/view/c0ntr0l/pages/g4m3s/xb0x-cl0ud-g4m1ng.html]
[sites.google.com/view/c0ntr0l/pages/g4m3s/m1n3craft.html]
[sites.google.com/view/c0ntr0l/pages/g4m3s/m1n3craft/POST.4ef.delayed]
[sites.google.com/view/c0ntr0l/pages/g4m3s/m1n3craft/eaglercraft.html]
[sites.google.com/view/c0ntr0l/pages/apks/POST.4f3.delayed]
[sites.google.com/view/c0ntr0l/pages/apks/installing-apks.html]
[sites.google.com/view/c0ntr0l/pages/apks/geometry-dash-meltdown.html]
[sites.google.com/view/c0ntr0l/pages/apks/geometry-dash-world.html]
[www.google.com/images/icons/product/drive-32.png]
[sites.google.com/view/c0ntr0l/pages/apks/pojavlauncher.html]
[sites.google.com/view/c0ntr0l/pages/apks/pojavlauncher/POST.501.delayed]
[sites.google.com/view/c0ntr0l/pages/apks/pojavlauncher/server-list.html]
[sites.google.com/view/c0ntr0l/pages/apks/chrome-90.html]
[sites.google.com/view/c0ntr0l/about/POST.508.delayed]
[sites.google.com/view/c0ntr0l/about/partners.html]
[sites.google.com/view/c0ntr0l/about/contact-us.html]
[sites.google.com/view/c0ntr0l/about/partnership-form.html]
[sites.google.com/view/c0ntr0l/info/POST.512.delayed]
[sites.google.com/view/c0ntr0l/info/alt-links.html]
[sites.google.com/view/c0ntr0l/info/changelog.html]
[sites.google.com/view/c0ntr0l/info/pbsl-code.html]
[sites.google.com/view/c0ntr0l/info/info.html]
[sites.google.com/view/c0ntr0l/info/copyright.html]
[sites.google.com/view/c0ntr0l/g4m3s/actionadventure-gxmes/n-gon85d6.html]
[sites.google.com/view/c0ntr0l/pr0x13s/d0g3-undl0ck3r85d6.html]
[sites.google.com/view/c0ntr0l/m0v13s/m0v1e-web85d6.html]
[sites.google.com/view/c0ntr0l/pages/os-3mulators/POST.html]
[sites.google.com/view/c0ntr0l/pages/mov13s/POST.html]
[sites.google.com/view/c0ntr0l/pages/POST.html]
[sites.google.com/view/c0ntr0l/pages/pr0x13s/POST.html]
[sites.google.com/view/c0ntr0l/pages/apps/POST.html]
[sites.google.com/view/c0ntr0l/pages/apps/'https_/cdn.jsdelivr.net/npm/@widgetbot/crate@3'.html]
[sites.google.com/view/c0ntr0l/pages/scripts/undlocking/POST.html]
[raw.githubusercontent.com/3kh0/ext-remover/main/exploit.js]
[sites.google.com/view/c0ntr0l/pages/scripts/undlocking/${prompt('enter.html]
[sites.google.com/view/c0ntr0l/pages/scripts/fun/POST.html]
[sites.google.com/view/c0ntr0l/pages/scripts/misc/POST.html]
[sites.google.com/view/c0ntr0l/pages/scripts/cheating/POST.html]
[sites.google.com/view/c0ntr0l/pages/ai/POST.html]
[sites.google.com/view/c0ntr0l/pages/3xplo1ts/POST.html]
[sites.google.com/view/c0ntr0l/pages/g4m3s/POST.html]
[sites.google.com/view/c0ntr0l/pages/g4m3s/actionadventure-gxmes/POST.html]
[sites.google.com/view/c0ntr0l/pages/g4m3s/actionadventure-gxmes/henry-stickman-collection/POST.html]
[sites.google.com/view/c0ntr0l/pages/g4m3s/platformer-gxmes/POST.html]
[sites.google.com/view/c0ntr0l/pages/g4m3s/puzzle-games/POST.html]
[sites.google.com/view/c0ntr0l/pages/g4m3s/misc-gxmes/POST.html]
[sites.google.com/view/c0ntr0l/pages/g4m3s/bullet-hell-gxmes/POST.html]
[sites.google.com/view/c0ntr0l/pages/g4m3s/shooter-gxmes/POST.html]
[sites.google.com/view/c0ntr0l/pages/g4m3s/idle-gxmes/POST.html]
[sites.google.com/view/c0ntr0l/pages/g4m3s/simulator-gxmes/POST.html]
[sites.google.com/view/c0ntr0l/pages/g4m3s/io-gxmes/POST.html]
[sites.google.com/view/c0ntr0l/pages/g4m3s/rhythm-gxmes/POST.html]
[sites.google.com/view/c0ntr0l/pages/g4m3s/sports-gxmes/POST.html]
[sites.google.com/view/c0ntr0l/pages/g4m3s/horror-games/POST.html]
[sites.google.com/view/c0ntr0l/pages/g4m3s/text-based-gxmes/POST.html]
[sites.google.com/view/c0ntr0l/pages/g4m3s/racing-gxmes/POST.html]
[sites.google.com/view/c0ntr0l/pages/g4m3s/retro-gxmes/POST.html]
[sites.google.com/view/c0ntr0l/pages/g4m3s/sandbox-gxmes/POST.html]
[sites.google.com/view/c0ntr0l/pages/g4m3s/maze-gxmes/POST.html]
[sites.google.com/view/c0ntr0l/pages/g4m3s/tower-defense-gxmes/POST.html]
[sites.google.com/view/c0ntr0l/pages/g4m3s/m1n3craft/POST.html]
[sites.google.com/view/c0ntr0l/pages/apks/POST.html]
[sites.google.com/view/c0ntr0l/pages/apks/pojavlauncher/POST.html]
[sites.google.com/view/c0ntr0l/about/POST.html]
[sites.google.com/view/c0ntr0l/info/POST.html]
